// Jest Snapshot v1, https://goo.gl/fbAQLP

exports[`<LoadBookPanel/> renders correctly 1`] = `
<div
  className="makeStyles-root-1 form-group"
>
  <form
    className="form-horizontal"
  >
    <div
      className="makeStyles-container-5"
    >
      <div
        className="makeStyles-inline-6"
      >
        <button
          aria-label="menu"
          className="MuiButtonBase-root MuiIconButton-root makeStyles-menuButton-2 MuiIconButton-colorInherit MuiIconButton-edgeStart"
          disabled={false}
          onBlur={[Function]}
          onClick={[Function]}
          onDragLeave={[Function]}
          onFocus={[Function]}
          onKeyDown={[Function]}
          onKeyUp={[Function]}
          onMouseDown={[Function]}
          onMouseLeave={[Function]}
          onMouseUp={[Function]}
          onTouchEnd={[Function]}
          onTouchMove={[Function]}
          onTouchStart={[Function]}
          tabIndex={0}
          type="button"
        >
          <span
            className="MuiIconButton-label"
          >
            <svg
              aria-hidden={true}
              className="MuiSvgIcon-root"
              focusable="false"
              viewBox="0 0 24 24"
            >
              <path
                d="M3 18h18v-2H3v2zm0-5h18v-2H3v2zm0-7v2h18V6H3z"
              />
            </svg>
          </span>
        </button>
      </div>
      <div
        className="makeStyles-inline-6 makeStyles-title-3"
      >
        <input
          className="makeStyles-input-4"
          id="file-path-input"
          onClick={[Function]}
          type="file"
        />
        <label
          htmlFor="file-path-input"
        >
          <span
            aria-disabled={false}
            className="MuiButtonBase-root MuiButton-root MuiButton-contained MuiButton-containedSecondary MuiButton-containedSizeSmall MuiButton-sizeSmall"
            onBlur={[Function]}
            onDragLeave={[Function]}
            onFocus={[Function]}
            onKeyDown={[Function]}
            onKeyUp={[Function]}
            onMouseDown={[Function]}
            onMouseLeave={[Function]}
            onMouseUp={[Function]}
            onTouchEnd={[Function]}
            onTouchMove={[Function]}
            onTouchStart={[Function]}
            role="button"
            tabIndex={0}
          >
            <span
              className="MuiButton-label"
            >
              Choose an epub file
            </span>
          </span>
        </label>
      </div>
      <div
        className="makeStyles-inline-6"
      >
        <button
          className="MuiButtonBase-root MuiButton-root MuiButton-contained MuiButton-containedSecondary MuiButton-containedSizeSmall MuiButton-sizeSmall"
          disabled={false}
          onBlur={[Function]}
          onClick={[Function]}
          onDragLeave={[Function]}
          onFocus={[Function]}
          onKeyDown={[Function]}
          onKeyUp={[Function]}
          onMouseDown={[Function]}
          onMouseLeave={[Function]}
          onMouseUp={[Function]}
          onTouchEnd={[Function]}
          onTouchMove={[Function]}
          onTouchStart={[Function]}
          tabIndex={0}
          type="button"
        >
          <span
            className="MuiButton-label"
          >
            To Traditional Chinese
          </span>
        </button>
      </div>
    </div>
  </form>
</div>
`;

exports[`<LoadBookPanel/> renders when isLoadingBook 1`] = `
<div
  className="makeStyles-root-1 form-group"
>
  <form
    className="form-horizontal"
  >
    <div
      className="makeStyles-container-5"
    >
      <div
        className="makeStyles-inline-6"
      >
        <button
          aria-label="menu"
          className="MuiButtonBase-root MuiIconButton-root makeStyles-menuButton-2 MuiIconButton-colorInherit MuiIconButton-edgeStart"
          disabled={false}
          onBlur={[Function]}
          onClick={[Function]}
          onDragLeave={[Function]}
          onFocus={[Function]}
          onKeyDown={[Function]}
          onKeyUp={[Function]}
          onMouseDown={[Function]}
          onMouseLeave={[Function]}
          onMouseUp={[Function]}
          onTouchEnd={[Function]}
          onTouchMove={[Function]}
          onTouchStart={[Function]}
          tabIndex={0}
          type="button"
        >
          <span
            className="MuiIconButton-label"
          >
            <svg
              aria-hidden="true"
              className="MuiSvgIcon-root"
              focusable="false"
              role="presentation"
              viewBox="0 0 24 24"
            >
              <path
                d="M3 18h18v-2H3v2zm0-5h18v-2H3v2zm0-7v2h18V6H3z"
              />
            </svg>
          </span>
        </button>
      </div>
      <div
        className="makeStyles-inline-6 makeStyles-title-3"
      >
        <input
          className="makeStyles-input-4"
          id="file-path-input"
          onClick={[Function]}
          type="file"
        />
        <label
          htmlFor="file-path-input"
        >
          <span
            aria-disabled={false}
            className="MuiButtonBase-root MuiButton-root MuiButton-contained MuiButton-containedSecondary MuiButton-containedSizeSmall MuiButton-sizeSmall"
            onBlur={[Function]}
            onDragLeave={[Function]}
            onFocus={[Function]}
            onKeyDown={[Function]}
            onKeyUp={[Function]}
            onMouseDown={[Function]}
            onMouseLeave={[Function]}
            onMouseUp={[Function]}
            onTouchEnd={[Function]}
            onTouchMove={[Function]}
            onTouchStart={[Function]}
            role="button"
            tabIndex={0}
          >
            <span
              className="MuiButton-label"
            >
              Loading
            </span>
          </span>
        </label>
      </div>
      <div
        className="makeStyles-inline-6"
      >
        <button
          className="MuiButtonBase-root MuiButton-root MuiButton-contained MuiButton-containedSecondary MuiButton-containedSizeSmall MuiButton-sizeSmall"
          disabled={false}
          onBlur={[Function]}
          onClick={[Function]}
          onDragLeave={[Function]}
          onFocus={[Function]}
          onKeyDown={[Function]}
          onKeyUp={[Function]}
          onMouseDown={[Function]}
          onMouseLeave={[Function]}
          onMouseUp={[Function]}
          onTouchEnd={[Function]}
          onTouchMove={[Function]}
          onTouchStart={[Function]}
          tabIndex={0}
          type="button"
        >
          <span
            className="MuiButton-label"
          >
            To Traditional Chinese
          </span>
        </button>
      </div>
    </div>
  </form>
</div>
`;

exports[`<LoadBookPanel/> renders with both fileName and book metadata available 1`] = `
<div
  className="makeStyles-root-1 form-group"
>
  <form
    className="form-horizontal"
  >
    <div
      className="makeStyles-container-5"
    >
      <div
        className="makeStyles-inline-6"
      >
        <button
          aria-label="menu"
          className="MuiButtonBase-root MuiIconButton-root makeStyles-menuButton-2 MuiIconButton-colorInherit MuiIconButton-edgeStart"
          disabled={false}
          onBlur={[Function]}
          onClick={[Function]}
          onDragLeave={[Function]}
          onFocus={[Function]}
          onKeyDown={[Function]}
          onKeyUp={[Function]}
          onMouseDown={[Function]}
          onMouseLeave={[Function]}
          onMouseUp={[Function]}
          onTouchEnd={[Function]}
          onTouchMove={[Function]}
          onTouchStart={[Function]}
          tabIndex={0}
          type="button"
        >
          <span
            className="MuiIconButton-label"
          >
            <svg
              aria-hidden="true"
              className="MuiSvgIcon-root"
              focusable="false"
              role="presentation"
              viewBox="0 0 24 24"
            >
              <path
                d="M3 18h18v-2H3v2zm0-5h18v-2H3v2zm0-7v2h18V6H3z"
              />
            </svg>
          </span>
        </button>
      </div>
      <div
        className="makeStyles-inline-6 makeStyles-title-3"
      >
        <input
          className="makeStyles-input-4"
          id="file-path-input"
          onClick={[Function]}
          type="file"
        />
        <label
          htmlFor="file-path-input"
        >
          <span
            aria-disabled={false}
            className="MuiButtonBase-root MuiButton-root MuiButton-contained MuiButton-containedSizeSmall MuiButton-sizeSmall"
            onBlur={[Function]}
            onDragLeave={[Function]}
            onFocus={[Function]}
            onKeyDown={[Function]}
            onKeyUp={[Function]}
            onMouseDown={[Function]}
            onMouseLeave={[Function]}
            onMouseUp={[Function]}
            onTouchEnd={[Function]}
            onTouchMove={[Function]}
            onTouchStart={[Function]}
            role="button"
            tabIndex={0}
          >
            <span
              className="MuiButton-label"
            >
              title - creator
            </span>
          </span>
        </label>
      </div>
      <div
        className="makeStyles-inline-6"
      >
        <button
          className="MuiButtonBase-root MuiButton-root MuiButton-contained MuiButton-containedSizeSmall MuiButton-sizeSmall"
          disabled={false}
          onBlur={[Function]}
          onClick={[Function]}
          onDragLeave={[Function]}
          onFocus={[Function]}
          onKeyDown={[Function]}
          onKeyUp={[Function]}
          onMouseDown={[Function]}
          onMouseLeave={[Function]}
          onMouseUp={[Function]}
          onTouchEnd={[Function]}
          onTouchMove={[Function]}
          onTouchStart={[Function]}
          tabIndex={0}
          type="button"
        >
          <span
            className="MuiButton-label"
          >
            To Traditional Chinese
          </span>
        </button>
      </div>
    </div>
  </form>
</div>
`;

exports[`<LoadBookPanel/> renders with only book metadata available 1`] = `
<div
  className="makeStyles-root-1 form-group"
>
  <form
    className="form-horizontal"
  >
    <div
      className="makeStyles-container-5"
    >
      <div
        className="makeStyles-inline-6"
      >
        <button
          aria-label="menu"
          className="MuiButtonBase-root MuiIconButton-root makeStyles-menuButton-2 MuiIconButton-colorInherit MuiIconButton-edgeStart"
          disabled={false}
          onBlur={[Function]}
          onClick={[Function]}
          onDragLeave={[Function]}
          onFocus={[Function]}
          onKeyDown={[Function]}
          onKeyUp={[Function]}
          onMouseDown={[Function]}
          onMouseLeave={[Function]}
          onMouseUp={[Function]}
          onTouchEnd={[Function]}
          onTouchMove={[Function]}
          onTouchStart={[Function]}
          tabIndex={0}
          type="button"
        >
          <span
            className="MuiIconButton-label"
          >
            <svg
              aria-hidden="true"
              className="MuiSvgIcon-root"
              focusable="false"
              role="presentation"
              viewBox="0 0 24 24"
            >
              <path
                d="M3 18h18v-2H3v2zm0-5h18v-2H3v2zm0-7v2h18V6H3z"
              />
            </svg>
          </span>
        </button>
      </div>
      <div
        className="makeStyles-inline-6 makeStyles-title-3"
      >
        <input
          className="makeStyles-input-4"
          id="file-path-input"
          onClick={[Function]}
          type="file"
        />
        <label
          htmlFor="file-path-input"
        >
          <span
            aria-disabled={false}
            className="MuiButtonBase-root MuiButton-root MuiButton-contained MuiButton-containedSizeSmall MuiButton-sizeSmall"
            onBlur={[Function]}
            onDragLeave={[Function]}
            onFocus={[Function]}
            onKeyDown={[Function]}
            onKeyUp={[Function]}
            onMouseDown={[Function]}
            onMouseLeave={[Function]}
            onMouseUp={[Function]}
            onTouchEnd={[Function]}
            onTouchMove={[Function]}
            onTouchStart={[Function]}
            role="button"
            tabIndex={0}
          >
            <span
              className="MuiButton-label"
            >
              title - creator
            </span>
          </span>
        </label>
      </div>
      <div
        className="makeStyles-inline-6"
      >
        <button
          className="MuiButtonBase-root MuiButton-root MuiButton-contained MuiButton-containedSizeSmall MuiButton-sizeSmall"
          disabled={false}
          onBlur={[Function]}
          onClick={[Function]}
          onDragLeave={[Function]}
          onFocus={[Function]}
          onKeyDown={[Function]}
          onKeyUp={[Function]}
          onMouseDown={[Function]}
          onMouseLeave={[Function]}
          onMouseUp={[Function]}
          onTouchEnd={[Function]}
          onTouchMove={[Function]}
          onTouchStart={[Function]}
          tabIndex={0}
          type="button"
        >
          <span
            className="MuiButton-label"
          >
            To Traditional Chinese
          </span>
        </button>
      </div>
    </div>
  </form>
</div>
`;

exports[`<LoadBookPanel/> renders with only fileName available 1`] = `
<div
  className="makeStyles-root-1 form-group"
>
  <form
    className="form-horizontal"
  >
    <div
      className="makeStyles-container-5"
    >
      <div
        className="makeStyles-inline-6"
      >
        <button
          aria-label="menu"
          className="MuiButtonBase-root MuiIconButton-root makeStyles-menuButton-2 MuiIconButton-colorInherit MuiIconButton-edgeStart"
          disabled={false}
          onBlur={[Function]}
          onClick={[Function]}
          onDragLeave={[Function]}
          onFocus={[Function]}
          onKeyDown={[Function]}
          onKeyUp={[Function]}
          onMouseDown={[Function]}
          onMouseLeave={[Function]}
          onMouseUp={[Function]}
          onTouchEnd={[Function]}
          onTouchMove={[Function]}
          onTouchStart={[Function]}
          tabIndex={0}
          type="button"
        >
          <span
            className="MuiIconButton-label"
          >
            <svg
              aria-hidden="true"
              className="MuiSvgIcon-root"
              focusable="false"
              role="presentation"
              viewBox="0 0 24 24"
            >
              <path
                d="M3 18h18v-2H3v2zm0-5h18v-2H3v2zm0-7v2h18V6H3z"
              />
            </svg>
          </span>
        </button>
      </div>
      <div
        className="makeStyles-inline-6 makeStyles-title-3"
      >
        <input
          className="makeStyles-input-4"
          id="file-path-input"
          onClick={[Function]}
          type="file"
        />
        <label
          htmlFor="file-path-input"
        >
          <span
            aria-disabled={false}
            className="MuiButtonBase-root MuiButton-root MuiButton-contained MuiButton-containedSecondary MuiButton-containedSizeSmall MuiButton-sizeSmall"
            onBlur={[Function]}
            onDragLeave={[Function]}
            onFocus={[Function]}
            onKeyDown={[Function]}
            onKeyUp={[Function]}
            onMouseDown={[Function]}
            onMouseLeave={[Function]}
            onMouseUp={[Function]}
            onTouchEnd={[Function]}
            onTouchMove={[Function]}
            onTouchStart={[Function]}
            role="button"
            tabIndex={0}
          >
            <span
              className="MuiButton-label"
            >
              someFileName
            </span>
          </span>
        </label>
      </div>
      <div
        className="makeStyles-inline-6"
      >
        <button
          className="MuiButtonBase-root MuiButton-root MuiButton-contained MuiButton-containedSecondary MuiButton-containedSizeSmall MuiButton-sizeSmall"
          disabled={false}
          onBlur={[Function]}
          onClick={[Function]}
          onDragLeave={[Function]}
          onFocus={[Function]}
          onKeyDown={[Function]}
          onKeyUp={[Function]}
          onMouseDown={[Function]}
          onMouseLeave={[Function]}
          onMouseUp={[Function]}
          onTouchEnd={[Function]}
          onTouchMove={[Function]}
          onTouchStart={[Function]}
          tabIndex={0}
          type="button"
        >
          <span
            className="MuiButton-label"
          >
            To Traditional Chinese
          </span>
        </button>
      </div>
    </div>
  </form>
</div>
`;
